   Compiling xtask v0.1.6 (/nvme/development/polyorama-worktrees/visual-identity/xtask)
    Finished `dev` profile [unoptimized + debuginfo] target(s) in 1.23s
     Running `target/debug/xtask verify`
+ python3 -m unittest discover -s tools/tests
..............
----------------------------------------------------------------------
Ran 14 tests in 4.435s

OK
plan lifecycle passed: 8 plans
design tokens are valid and ./crates/polyorama-ui-egui/src/generated_tokens.rs is current
+ cargo fmt --all --check
+ cargo clippy --workspace --all-targets --all-features -- -D warnings
    Checking polyorama-ui-egui v0.1.6 (/nvme/development/polyorama-worktrees/visual-identity/crates/polyorama-ui-egui)
    Checking polyorama-gallery v0.1.6 (/nvme/development/polyorama-worktrees/visual-identity/apps/polyorama-gallery)
    Checking analytical-workspace-lab v0.1.6 (/nvme/development/polyorama-worktrees/visual-identity/apps/analytical-workspace-lab)
    Checking xtask v0.1.6 (/nvme/development/polyorama-worktrees/visual-identity/xtask)
    Finished `dev` profile [unoptimized + debuginfo] target(s) in 1.35s
+ cargo clippy --target wasm32-unknown-unknown -p analytical-workspace-lab -p polyorama-gallery -p polyorama-tile-worker -- -D warnings
    Checking polyorama-ui-egui v0.1.6 (/nvme/development/polyorama-worktrees/visual-identity/crates/polyorama-ui-egui)
    Checking analytical-workspace-lab v0.1.6 (/nvme/development/polyorama-worktrees/visual-identity/apps/analytical-workspace-lab)
    Checking polyorama-gallery v0.1.6 (/nvme/development/polyorama-worktrees/visual-identity/apps/polyorama-gallery)
    Finished `dev` profile [unoptimized + debuginfo] target(s) in 0.97s
+ cargo test --workspace
   Compiling polyorama-ui-egui v0.1.6 (/nvme/development/polyorama-worktrees/visual-identity/crates/polyorama-ui-egui)
   Compiling polyorama-gallery v0.1.6 (/nvme/development/polyorama-worktrees/visual-identity/apps/polyorama-gallery)
   Compiling analytical-workspace-lab v0.1.6 (/nvme/development/polyorama-worktrees/visual-identity/apps/analytical-workspace-lab)
   Compiling xtask v0.1.6 (/nvme/development/polyorama-worktrees/visual-identity/xtask)
    Finished `test` profile [unoptimized + debuginfo] target(s) in 3.47s
     Running unittests src/lib.rs (target/debug/deps/analytical_workspace_lab-45388baa4c8119f7)

running 44 tests
test actions::tests::context_changes_availability_and_retains_reasons ... ok
test actions::tests::tools_are_hidden_outside_supported_image_panes ... ok
test actions::tests::shortcuts_are_unique_within_overlapping_scopes ... ok
test actions::tests::registry_is_complete_unique_and_stable ... ok
test app::tests::invalid_pane_intents_do_not_mutate_authoritative_state ... ok
test app::tests::pane_intents_reduce_authoritative_tool_selection_and_display_state ... ok
test app::tests::restoration_rejects_a_structurally_valid_unknown_pane ... ok
test app::tests::restoration_rejects_dangling_selection_and_invalid_display ... ok
test app::tests::restoration_rejects_missing_registered_panes ... ok
test panes::camera_gestures::tests::drag_returning_to_origin_emits_no_command ... ok
test app::tests::persisted_state_without_preferences_migrates_to_safe_defaults ... ok
test panes::image::tests::display_window_controls_always_retain_a_strict_ordering ... ok
test panes::inspector::tests::inspector_sections_are_clipped_to_the_current_root ... ok
test panes::results::tests::virtual_result_pitch_tracks_density_and_bounded_font_scale ... ok
test panes::tests::gesture_preview_is_the_single_camera_for_frame_demand_and_presentation ... ok
test panes::tests::vertex_release_frame_keeps_the_final_preview_until_the_command_is_visible ... ok
test ui_geometry::tests::current_geometry_promotes_to_a_reusable_semantic_snapshot ... ok
test thumbnail_cache::tests::invalid_worker_payload_is_rejected ... ok
test panes::tests::wheel_to_drag_handoff_commits_and_reuses_the_preview ... ok
test panes::tests::wheel_input_crossing_linked_panes_is_one_group_command ... ok
test ui_geometry::tests::logical_rect_reports_a_finite_centre ... ok
test ui_geometry::tests::geometry_serialises_the_bounded_text_observation_surface ... ok
test panes::tests::hidden_wheel_origin_is_finalised_by_the_frame_global_lifecycle ... ok
test panes::tests::unlinked_wheel_gestures_finalise_independently ... ok
test thumbnail_cache::tests::decoded_thumbnails_are_bounded_and_report_exact_eviction_tokens ... ok
test panes::tests::final_frame_plan_reconciles_an_interaction_from_a_later_linked_pane ... ok
test panes::tests::coalesced_final_pointer_move_and_release_is_sampled_before_drag_completion ... ok
test panes::tests::delayed_vertex_drag_recognition_retains_the_press_origin_for_hit_testing ... ok
test panes::camera_gestures::tests::focus_loss_and_terminal_pointer_gone_cancel_without_committing_preview ... ok
test panes::tests::active_pane_actions_have_one_semantic_and_physical_owner ... ok
test panes::image::tests::viewport_semantics_follow_dynamic_context_and_expose_matching_actions ... ok
test panes::image::tests::viewport_accepts_accesskit_focus_and_reports_it_in_the_snapshot ... ok
test panes::image::tests::viewport_custom_actions_route_through_existing_typed_intents ... ok
test panes::image::tests::display_popup_paints_above_committed_and_preview_annotations ... ok
test panes::image::tests::display_popup_does_not_reopen_after_its_pane_is_hidden ... ok
test panes::image::tests::expanded_display_map_remains_selectable ... ok
test panes::image::tests::compact_display_popup_allows_nested_map_selection_and_dismissal ... ok
test panes::tests::materialised_workspace_semantics_are_bounded_and_match_accesskit ... ok
test panes::tests::representative_workspace_exposes_one_bounded_coherent_semantic_tree ... ok
test panes::results::tests::visible_virtual_result_rows_have_a_clean_measured_text_audit ... ok
test panes::tests::semantic_identity_survives_canonical_dock_rearrangement_and_restoration ... ok
test panes::tests::dock_tab_focus_identity_survives_a_canonical_pane_move ... ok
test panes::tests::semantic_state_updates_selection_tool_and_viewport_context ... ok
test panes::tests::representative_workspace_tab_traversal_reaches_actions_dock_and_viewport ... ok

test result: ok. 44 passed; 0 failed; 0 ignored; 0 measured; 0 filtered out; finished in 0.12s

     Running unittests src/main.rs (target/debug/deps/analytical_workspace_lab-34863cc2af0db72b)

running 0 tests

test result: ok. 0 passed; 0 failed; 0 ignored; 0 measured; 0 filtered out; finished in 0.00s

     Running unittests src/lib.rs (target/debug/deps/polyorama_core-245412ece977d3f2)

running 32 tests
test camera::tests::camera_drag_accumulates_frame_deltas_and_preserves_exact_linked_undo ... ok
test camera::tests::camera_drag_returning_to_its_origin_is_an_exact_no_op ... ok
test camera::tests::linked_camera_changes_capture_exact_original_values ... ok
test camera::tests::linked_camera_propagation_is_explicit ... ok
test commands::tests::command_application_undo_and_redo ... ok
test commands::tests::invalid_polygon_intent_does_not_become_a_command ... ok
test commands::tests::command_undo_scope_is_explicit ... ok
test commands::tests::complete_gesture_is_one_command ... ok
test commands::tests::joining_camera_link_synchronises_and_undo_restores_camera ... ok
test commands::tests::linked_camera_undo_restores_exact_snapshot_after_topology_changes ... ok
test commands::tests::no_op_camera_command_is_not_recorded ... ok
test commands::tests::no_op_split_resize_is_not_recorded ... ok
test commands::tests::result_selection_is_stable_across_virtual_ranges_and_undoable ... ok
test commands::tests::splitter_gesture_is_one_undoable_workspace_command ... ok
test coords::tests::affine_coordinate_transform_round_trips ... ok
test data::tests::demand_has_visible_and_prefetch_priorities ... ok
test data::tests::hidden_view_has_no_high_resolution_demand ... ok
test data::tests::demand_reconciliation_deduplicates_and_promotes_priority ... ok
test data::tests::logical_collections_are_generated_on_demand ... ok
test data::tests::restored_camera_mapping_must_be_complete_and_unambiguous ... ok
test data::tests::visible_demands_schedule_coarse_coverage_before_fine_tiles ... ok
test dock::tests::invalid_move_target_preserves_the_workspace ... ok
test dock::tests::canonical_tree_has_stable_unique_panes ... ok
test dock::tests::node_ids_remain_unique_after_side_drop ... ok
test dock::tests::rejects_duplicate_pane_ids ... ok
test virtualise::tests::grid_layout_is_canonical_for_partial_rows_and_clipped_overscan ... ok
test dock::tests::rejects_unknown_persistence_schema ... ok
test dock::tests::layout_serialisation_round_trip_is_exact ... ok
test virtualise::tests::million_row_range_materialises_a_small_bound ... ok
test virtualise::tests::scroll_geometry_delegates_to_the_canonical_grid_layout ... ok
test virtualise::tests::thumbnail_grid_materialises_only_visible_region ... ok
test dock::tests::rearrangement_mutates_only_the_canonical_tree ... ok

test result: ok. 32 passed; 0 failed; 0 ignored; 0 measured; 0 filtered out; finished in 0.00s

     Running unittests src/lib.rs (target/debug/deps/polyorama_gallery-78c60712388a9fe6)

running 9 tests
test app::tests::configuration_matrix_is_finite_bounded_and_token_resolvable ... ok
test stories::dock::tests::splitter_story_deterministically_renders_each_declared_interaction_treatment ... ok
test catalogue::tests::registry_is_complete_unique_stable_and_serialisable ... ok
test appearance::tests::authored_presets_and_json_exports_are_validated ... ok
test app::tests::workbench_entry_fits_catalogue_at_enlarged_text_and_records_native_coverage ... ok
test stories::dock::tests::narrow_tabs_keep_narrow_geometry_under_a_wide_gallery_configuration ... ok
test stories::typography::tests::hierarchy_story_contains_every_required_role_and_semantic_string ... ok
test appearance::tests::workbench_and_production_shell_render_each_authored_identity ... ok
test stories::tests::every_story_renders_through_production_components_without_text_audit_findings ... ok

test result: ok. 9 passed; 0 failed; 0 ignored; 0 measured; 0 filtered out; finished in 1.16s

     Running unittests src/main.rs (target/debug/deps/polyorama_gallery-356afdf79e7e90c6)

running 0 tests

test result: ok. 0 passed; 0 failed; 0 ignored; 0 measured; 0 filtered out; finished in 0.00s

     Running unittests src/lib.rs (target/debug/deps/polyorama_render_wgpu-b3c2af3f8d1314f3)

running 9 tests
test tests::acknowledgements_keep_the_token_that_owned_gpu_residency ... ok
test tests::camera_zoom_changes_tile_extent_around_the_viewport ... ok
test tests::bridge_rejects_at_byte_capacity_without_losing_the_event ... ok
test tests::bridge_admits_one_oversized_event_only_when_empty ... ok
test tests::generation_change_discards_old_uploads_and_residency_acknowledgements ... ok
test tests::gpu_cache_retains_a_single_oversized_texture_then_evicts_it_for_the_next_texture ... ok
test tests::bridge_rejects_at_item_capacity_without_losing_the_event ... ok
test tests::camera_pan_translates_tile_geometry ... ok
test tests::tile_quad_cannot_rasterise_outside_projected_bounds ... ok

test result: ok. 9 passed; 0 failed; 0 ignored; 0 measured; 0 filtered out; finished in 0.00s

     Running unittests src/lib.rs (target/debug/deps/polyorama_runtime-27f7d14b089565fd)

running 14 tests
test tests::actual_percentiles_use_bounded_samples ... ok
test tests::cache_and_upload_allow_one_oversized_item ... ok
test tests::resident_re_demand_is_counted_as_a_cache_hit ... ok
test tests::native_event_disconnect_fails_the_last_dispatched_request ... ok
test tests::browser_credits_and_external_queue_are_bounded ... ok
test tests::renderer_admission_of_obsolete_handoff_remains_a_cache_hit ... ok
test tests::retained_tokens_are_stable_and_priority_is_replaced ... ok
test tests::stale_generation_demands_are_rejected_before_admission ... ok
test tests::missing_obsolete_superseded_and_duplicate_completions_are_rejected ... ok
test tests::terminal_external_worker_failure_fails_later_demands ... ok
test tests::unavailable_native_worker_fails_new_demands_without_external_fallthrough ... ok
test tests::scheduler_admission_is_bounded_and_backfills_after_residency ... ok
test tests::invalid_pyramid_level_is_rejected_and_worker_fixture_is_defensive ... ok
test tests::compact_request_prepares_off_scheduler_and_portably_encodes_le ... ok

test result: ok. 14 passed; 0 failed; 0 ignored; 0 measured; 0 filtered out; finished in 0.00s

     Running unittests src/lib.rs (target/debug/deps/polyorama_tile_worker-39d5483752f187b7)

running 0 tests

test result: ok. 0 passed; 0 failed; 0 ignored; 0 measured; 0 filtered out; finished in 0.00s

     Running unittests src/lib.rs (target/debug/deps/polyorama_ui_egui-7775fb22be408812)

running 61 tests
test actions::tests::availability_retains_observable_disabled_reason ... ok
test actions::tests::pane_target_rejects_an_application_action - should panic ... ok
test actions::tests::application_target_rejects_a_pane_action - should panic ... ok
test actions::tests::registry_is_complete_unique_and_has_stable_identity ... ok
test components::tests::application_bar_recipe_uses_visual_geometry_without_shrinking_hit_geometry ... ok
test actions::tests::shortcuts_are_unique_within_overlapping_scopes ... ok
test application_theme::tests::analytical_resolution_is_compatible_and_application_pairs_are_validated ... ok
test components::tests::application_bar_margin_conversion_is_explicitly_bounded ... ok
test actions::tests::stable_identity_does_not_depend_on_enum_ordinal ... ok
test components::tests::tab_allocation_preserves_minimum_targets_and_active_visibility ... ok
test preferences::tests::theme_and_density_selection_are_orthogonal ... ok
test preferences::tests::preferences_migrate_missing_fields_and_unknown_values ... ok
test responsive::tests::pane_classes_use_the_documented_inclusive_breakpoints ... ok
test semantics::tests::audit_rejects_duplicate_missing_parent_and_invalid_geometry ... ok
test preferences::tests::obsolete_preferences_reset_and_font_scale_is_bounded ... ok
test semantics::tests::snapshot_queries_are_stable_and_bounded ... ok
test style::tests::high_contrast_and_font_scale_are_applied_to_both_theme_styles ... ok
test tests::render_plan_correspondence_rejects_count_order_and_duplicates ... ok
test semantics::tests::legacy_snapshot_does_not_claim_zero_coverage ... ok
test tests::active_dock_gesture_keeps_the_recorded_interaction_signal ... ok
test text::tests::audit_rejects_invalid_geometry_lines_overflow_and_sibling_overlap ... ok
test style::tests::repeated_application_is_idempotent_and_uses_token_geometry ... ok
test tests::aborted_dock_gestures_stop_interaction_when_the_pointer_is_released ... ok
test components::tests::overflow_trigger_exposes_full_button_semantics_and_minimum_bounds ... ok
test tests::splitter_drag_returning_to_origin_emits_no_command ... ok
test components::action_button::tests::action_snapshot_and_accesskit_semantics_cannot_disagree_silently ... ok
test tests::pane_interactions_are_clipped_before_they_can_steal_an_adjacent_splitter ... ok
test tests::dock_tab_accesskit_identity_survives_a_canonical_pane_move ... ok
test tests::dock_reports_current_semantic_tab_body_and_splitter_geometry ... ok
test tests::dock_emits_accesskit_tab_and_splitter_metadata ... ok
test tests::tab_activation_frames_keep_selection_body_and_focus_coherent ... ok
test virtual_grid::tests::presenter_establishes_exact_scroll_extent_and_bounded_materialisation ... ok
test tests::splitter_identity_survives_a_changing_parent_ui_id ... ok
test tests::focused_splitter_arrow_emits_one_resize_command ... ok
test tests::splitter_preview_tracks_total_drag_and_release_commits_the_final_sample ... ok
test tests::roving_focus_reaches_hidden_overflow_tabs_and_wraps ... ok
test components::action_button::tests::released_egui_kittest_queries_and_activates_registry_actions ... ok
test tests::focused_tab_keys_activate_and_move_focus_across_frames ... ok
test actions::tests::shortcut_consumption_respects_scope ... ok
test virtual_grid::tests::presenter_routes_physical_wheel_input_into_retained_scroll_state ... ok
test text::tests::selectable_measured_text_delegates_drag_selection_and_copy_to_egui ... ok
test tests::focused_tab_enter_and_space_activate_through_response_clicked ... ok
test text_coverage::tests::native_inventory_deduplicates_and_does_not_leak_into_the_next_pass ... ok
test tests::accesskit_splitter_adjustments_emit_the_existing_resize_command ... ok
test text::tests::empty_numeric_and_scaled_text_remain_finite_and_auditable ... ok
test components::action_button::tests::emitted_action_label_vertices_use_primary_pressed_and_disabled_foregrounds ... ok
test pane_content::tests::content_and_diagnostic_text_have_one_accessible_owner_per_string ... ok
test preferences_control::tests::keyboard_focus_and_activation_change_only_the_selected_preference ... ok
test typography::tests::named_faces_are_real_distinct_and_preserve_default_fallbacks ... ok
test preferences_control::tests::invalid_preferences_are_repaired_independently_before_presentation ... ok
test preferences_control::tests::narrow_control_returns_stable_bounded_nodes_and_matching_accesskit_semantics ... ok
test text::tests::clip_and_scroll_preserve_intrinsic_layout_under_an_explicit_policy ... ok
test application_theme::tests::native_and_custom_resolve_identical_application_values_in_each_mode ... ok
test components::tests::gallery_components_expose_stable_roles_names_states_actions_and_hit_bounds ... ok
test pane_content::tests::elided_selectable_diagnostic_value_opens_its_complete_pair_tooltip ... ok
test text::tests::expand_wrap_and_truncate_have_explicit_measured_behaviour ... ok
test pane_content::tests::technical_rows_are_measured_and_end_aligned_until_the_pane_is_narrow ... ok
test components::viewport_status::tests::image_status_uses_measured_clipped_text_at_all_supported_scales ... ok
test typography::tests::native_and_measured_roles_share_the_profile_and_scale ... ok
test pane_content::tests::content_height_slots_and_failed_requests_remain_observable ... ok
test tests::dock_tabs_are_measured_bounded_and_auditable_across_responsive_cases ... ok

test result: ok. 61 passed; 0 failed; 0 ignored; 0 measured; 0 filtered out; finished in 0.79s

     Running unittests src/main.rs (target/debug/deps/xtask-0ac4342dcba7c7f7)

running 24 tests
test plans::tests::accepts_explicit_lifecycle_states_and_historical_evidence ... ok
test plans::tests::accepts_completed_candidate_before_its_merge_identity_exists ... ok
test plans::tests::rejects_obsolete_completed_plan_actions_and_delivery_rows ... ok
test plans::tests::rejects_ambiguous_missing_and_duplicate_lifecycle_fields ... ok
test tokens::tests::rejects_alias_cycle ... ok
test tokens::tests::rejects_variant_override_type_change ... ok
test tokens::tests::theme_and_density_overrides_resolve_independently ... ok
test tokens::tests::parses_supported_types_and_aliases ... ok
test tokens::tests::rejects_alias_type_mismatch_and_missing_reference ... ok
test tokens::tests::rejects_cross_domain_and_common_token_overrides ... ok
test ui::tests::render_requires_a_closed_fixture_selection ... ok
test ui::tests::output_directory_is_mandatory ... ok
test ui::tests::retained_audit_findings_are_classified_as_failures ... ok
test ui::tests::failed_or_inconsistent_attempt_coverage_cannot_pass_an_empty_audit ... ok
test tokens::tests::rejects_unsupported_type_and_construct ... ok
test ui::tests::checked_in_fixture_manifest_is_typed_and_valid ... ok
test ui::tests::automatic_baseline_update_flag_is_rejected ... ok
test ui::tests::empty_audit_requires_consistent_coverage_metadata ... ok
test tokens::tests::rejects_non_finite_number ... ok
test ui::tests::destructive_output_is_restricted_to_owned_tools_directories ... ok
test plans::tests::discovers_repository_plans ... ok
test tokens::tests::authored_text_pairs_meet_declared_contrast_targets ... ok
test ui::tests::failure_bundle_contains_every_evidence_category ... ok
test tokens::tests::generation_is_deterministic_and_checked_in_output_has_no_drift ... ok

test result: ok. 24 passed; 0 failed; 0 ignored; 0 measured; 0 filtered out; finished in 0.00s

   Doc-tests analytical_workspace_lab

running 0 tests

test result: ok. 0 passed; 0 failed; 0 ignored; 0 measured; 0 filtered out; finished in 0.00s

   Doc-tests polyorama_core

running 0 tests

test result: ok. 0 passed; 0 failed; 0 ignored; 0 measured; 0 filtered out; finished in 0.00s

   Doc-tests polyorama_gallery

running 0 tests

test result: ok. 0 passed; 0 failed; 0 ignored; 0 measured; 0 filtered out; finished in 0.00s

   Doc-tests polyorama_render_wgpu

running 0 tests

test result: ok. 0 passed; 0 failed; 0 ignored; 0 measured; 0 filtered out; finished in 0.00s

   Doc-tests polyorama_runtime

running 0 tests

test result: ok. 0 passed; 0 failed; 0 ignored; 0 measured; 0 filtered out; finished in 0.00s

   Doc-tests polyorama_ui_egui

running 0 tests

test result: ok. 0 passed; 0 failed; 0 ignored; 0 measured; 0 filtered out; finished in 0.00s

architecture boundaries passed: native AccessKit adapter, GPU-free core/reducers, egui-free runtime, narrow panes, application-owned actions, measured UI text, one workspace tree, no viewport device creation
+ cargo build --workspace --release
   Compiling polyorama-ui-egui v0.1.6 (/nvme/development/polyorama-worktrees/visual-identity/crates/polyorama-ui-egui)
   Compiling polyorama-gallery v0.1.6 (/nvme/development/polyorama-worktrees/visual-identity/apps/polyorama-gallery)
   Compiling analytical-workspace-lab v0.1.6 (/nvme/development/polyorama-worktrees/visual-identity/apps/analytical-workspace-lab)
   Compiling xtask v0.1.6 (/nvme/development/polyorama-worktrees/visual-identity/xtask)
    Finished `release` profile [optimized] target(s) in 23.20s
+ cargo build --release --target wasm32-unknown-unknown -p analytical-workspace-lab -p polyorama-gallery -p polyorama-tile-worker
   Compiling polyorama-ui-egui v0.1.6 (/nvme/development/polyorama-worktrees/visual-identity/crates/polyorama-ui-egui)
   Compiling analytical-workspace-lab v0.1.6 (/nvme/development/polyorama-worktrees/visual-identity/apps/analytical-workspace-lab)
   Compiling polyorama-gallery v0.1.6 (/nvme/development/polyorama-worktrees/visual-identity/apps/polyorama-gallery)
    Finished `release` profile [optimized] target(s) in 11.94s
+ wasm-bindgen --target web --out-dir apps/analytical-workspace-lab/web/pkg target/wasm32-unknown-unknown/release/analytical_workspace_lab.wasm
+ wasm-bindgen --target web --out-dir apps/polyorama-gallery/web/pkg target/wasm32-unknown-unknown/release/polyorama_gallery.wasm
+ wasm-bindgen --target web --out-dir apps/analytical-workspace-lab/web/worker-pkg target/wasm32-unknown-unknown/release/polyorama_tile_worker.wasm
+ bash tools/bootstrap-linux-ui.sh
+ npm ci

added 2 packages, and audited 3 packages in 407ms

found 0 vulnerabilities
+ npx playwright install chromium
BEWARE: your OS is not officially supported by Playwright; downloading fallback build for ubuntu24.04-x64.
BEWARE: your OS is not officially supported by Playwright; downloading fallback build for ubuntu24.04-x64.
BEWARE: your OS is not officially supported by Playwright; downloading fallback build for ubuntu24.04-x64.
+ npm run browser-smoke

> browser-smoke
> node tools/browser-smoke.mjs

{
  "status": "passed",
  "canvas": {
    "width": 1440,
    "height": 900
  },
  "panes": 8,
  "renderer": "wgpu-scalar",
  "workerCompletions": 5,
  "diagnostics": {
    "application_version": "0.1.6",
    "dependency_versions": {
      "eframe": "0.36.1",
      "egui": "0.36.1",
      "egui-wgpu": "0.36.1",
      "wasm-bindgen": "0.2.127",
      "wgpu": "30.0.1"
    },
    "platform": "wasm32/WebGPU",
    "backend": "BrowserWebGpu",
    "adapter": "",
    "frame": {
      "frame_number": 8,
      "cpu_frame_ms": 0.8000010000000001,
      "cpu_frame_history_ms": [
        29.5,
        1.300001,
        0.8000010000000001,
        1.399999,
        1,
        1.099999,
        0.8,
        0.8000010000000001
      ],
      "runtime_poll_ms": 0,
      "ui_ms": 0.600001,
      "demand_ms": 0.10000099999999999,
      "render_prepare_ms": 0.3,
      "repaint_requests": 4,
      "repaint_reason": "None",
      "recent_reasons": [
        "PendingUpload",
        "WorkerCompletion",
        "PendingUpload",
        "WorkerCompletion"
      ],
      "interaction_active": false,
      "physical_wheel_events": 0
    },
    "workspace": {
      "registered_panes": 8,
      "visible_panes": 6,
      "active_pane": 1,
      "dock_nodes": 11,
      "serialised_bytes": 688
    },
    "render": {
      "gpu_viewports": 4,
      "render_jobs": 4,
      "paint_callbacks": 4,
      "draw_calls": 20,
      "returned_command_buffers": 0,
      "actual_render_passes": null,
      "uploaded_bytes": 0,
      "pending_upload_bytes": 0,
      "resident_texture_bytes": 655360,
      "cache_evictions": 0,
      "prepare_ms": 0.3,
      "capability_profile": "WebGPU/WGPU; scalar=R16Uint; target=Rgba8Unorm; timestamps=unavailable",
      "gpu_timestamp_ms": null
    },
    "runtime": {
      "total_demands": 20,
      "visible_demands": 5,
      "prefetch_demands": 0,
      "duplicate_demands_removed": 15,
      "stale_demands_rejected": 0,
      "invalid_demands_rejected": 0,
      "cache_hits": 0,
      "cache_misses": 5,
      "evictions": 0,
      "queued": 0,
      "in_flight": 0,
      "completed": 5,
      "failed": 0,
      "stale_discarded": 0,
      "decode_latency_ms_median": 0,
      "worker_queue_depth": 0,
      "desired": 5,
      "decoded": 0,
      "decoded_bytes": 0,
      "scheduler_capacity": 64,
      "external_queue_capacity": 16,
      "browser_credit_capacity": 4,
      "browser_credits_in_use": 0,
      "native_queue_depth": 0,
      "scheduler_high_water": 5,
      "external_queue_high_water": 4,
      "native_queue_high_water": 0,
      "deferred_dispatches": 7,
      "deferred_completions": 0,
      "completion_unknown": 0,
      "completion_obsolete": 0,
      "completion_superseded": 0,
      "completion_duplicate": 0,
      "residency_rejected": 0,
      "worker_health": "Running",
      "worker_failures": 0,
      "last_worker_error": "",
      "preparation_latency_ms": {
        "samples": 5,
        "min": 2.799999,
        "p50": 2.8,
        "p95": 3.600001,
        "max": 3.600001
      },
      "decode_latency_ms": {
        "samples": 5,
        "min": 0,
        "p50": 0,
        "p95": 0,
        "max": 0
      },
      "end_to_end_latency_ms": {
        "samples": 5,
        "min": 54.099999000000004,
        "p50": 54.099999000000004,
        "p95": 73.2,
        "max": 73.2
      }
    },
    "cameras": [
      {
        "pane": 1,
        "camera": {
          "centre": {
            "x": 65536,
            "y": 65536
          },
          "pixels_per_screen_point": 256
        },
        "link": 1
      },
      {
        "pane": 2,
        "camera": {
          "centre": {
            "x": 65536,
            "y": 65536
          },
          "pixels_per_screen_point": 256
        },
        "link": 1
      },
      {
        "pane": 3,
        "camera": {
          "centre": {
            "x": 65536,
            "y": 65536
          },
          "pixels_per_screen_point": 256
        },
        "link": null
      },
      {
        "pane": 4,
        "camera": {
          "centre": {
            "x": 65536,
            "y": 65536
          },
          "pixels_per_screen_point": 256
        },
        "link": null
      }
    ],
    "virtualisation": {
      "result_count": 1000000,
      "visible_rows": [
        0,
        14
      ],
      "materialised_rows": 22,
      "row_overscan": 8,
      "thumbnail_count": 100000,
      "visible_thumbnails": [
        0,
        0
      ],
      "materialised_thumbnails": 0,
      "materialised_thumbnail_range": [
        0,
        0
      ],
      "thumbnail_columns": 0,
      "thumbnail_total_rows": 0,
      "thumbnail_scroll_offset_y": 0,
      "thumbnail_content_height": 0,
      "thumbnail_viewport_height": 0,
      "thumbnail_wheel_input_frames": 0,
      "thumbnail_wheel_delta_y": 0,
      "resident_thumbnails": 0,
      "thumbnail_cache_bytes": 0
    },
    "tile_cache_budget_bytes": 67108864,
    "upload_budget_bytes": 4194304
  }
}
+ npm run gallery-browser-smoke

> gallery-browser-smoke
> node tools/gallery-browser-smoke.mjs

{
  "status": "passed",
  "stories": 20,
  "idleFrame": 55,
  "textAudit": []
}
{"command":"verify","details":{"baseline_inventory_error":null,"baseline_updates_allowed":false,"failed_fixtures":["application-shell-dark","diagnostics-high-contrast","tabs-narrow-wide","splitter-states","button-keyboard-focus"],"fixture_count":5,"unexpected_baselines":[]},"schema_version":1,"status":"failed"}
Error: UI verification failed; inspect /nvme/development/polyorama-worktrees/visual-identity/.tools/runtime/verification-evidence/ui-snapshots/failures
